Generating Sample image for Mirror transformation...
Generating Sample image for ColoredDots transformation...
Generating Sample image for ColorCast transformation...
Generating Sample image for ColorEnhance transformation...
Generating Sample image for GrayScale transformation...
Generating Sample image for Blur transformation...
Generating Sample image for Recolor transformation...
Generating Sample image for UpsideDown transformation...
Generating Sample image for ColorInvert transformation...
Generating Sample image for Wobble transformation...
Generating Samples is done.
Performing Mirror Transformation...
Diffing ../samples/Mirror.jpg and ../test/Mirror.jpg...
Performing ColoredDots Transformation...
Diffing ../samples/ColoredDots.jpg and ../test/ColoredDots.jpg...
Performing ColorCast Transformation...
Diffing ../samples/ColorCast.jpg and ../test/ColorCast.jpg...
Performing ColorEnhance Transformation...
Diffing ../samples/ColorEnhance.jpg and ../test/ColorEnhance.jpg...
Performing GrayScale Transformation...
Diffing ../samples/GrayScale.jpg and ../test/GrayScale.jpg...
Performing Blur Transformation...
Diffing ../samples/Blur.jpg and ../test/Blur.jpg...
Performing Recolor Transformation...
Diffing ../samples/Recolor.jpg and ../test/Recolor.jpg...
Performing UpsideDown Transformation...
Diffing ../samples/UpsideDown.jpg and ../test/UpsideDown.jpg...
Performing ColorInvert Transformation...
Diffing ../samples/ColorInvert.jpg and ../test/ColorInvert.jpg...
Performing Wobble Transformation...
Diffing ../samples/Wobble.jpg and ../test/Wobble.jpg...
Test Passed!
